__addtf3
__divtf3
__eqtf2
__extenddftf2
__extendsftf2
__fixtfdi
__fixtfsi
__fixunstfsi
__floatsitf
__floatunsitf
__getf2
__gttf2
__heap_base
__imported_wasix_snapshot_preview1_args_get
__imported_wasix_snapshot_preview1_args_sizes_get
__imported_wasix_snapshot_preview1_bus_callback
__imported_wasix_snapshot_preview1_bus_close
__imported_wasix_snapshot_preview1_bus_drop
__imported_wasix_snapshot_preview1_bus_fault
__imported_wasix_snapshot_preview1_bus_invoke
__imported_wasix_snapshot_preview1_bus_listen
__imported_wasix_snapshot_preview1_bus_poll
__imported_wasix_snapshot_preview1_bus_poll_data
__imported_wasix_snapshot_preview1_bus_reply
__imported_wasix_snapshot_preview1_bus_spawn_local
__imported_wasix_snapshot_preview1_bus_spawn_remote
__imported_wasix_snapshot_preview1_chdir
__imported_wasix_snapshot_preview1_clock_res_get
__imported_wasix_snapshot_preview1_clock_time_get
__imported_wasix_snapshot_preview1_environ_get
__imported_wasix_snapshot_preview1_environ_sizes_get
__imported_wasix_snapshot_preview1_fd_advise
__imported_wasix_snapshot_preview1_fd_allocate
__imported_wasix_snapshot_preview1_fd_close
__imported_wasix_snapshot_preview1_fd_datasync
__imported_wasix_snapshot_preview1_fd_dup
__imported_wasix_snapshot_preview1_fd_fdstat_get
__imported_wasix_snapshot_preview1_fd_fdstat_set_flags
__imported_wasix_snapshot_preview1_fd_fdstat_set_rights
__imported_wasix_snapshot_preview1_fd_filestat_get
__imported_wasix_snapshot_preview1_fd_filestat_set_size
__imported_wasix_snapshot_preview1_fd_filestat_set_times
__imported_wasix_snapshot_preview1_fd_pread
__imported_wasix_snapshot_preview1_fd_prestat_dir_name
__imported_wasix_snapshot_preview1_fd_prestat_get
__imported_wasix_snapshot_preview1_fd_pwrite
__imported_wasix_snapshot_preview1_fd_read
__imported_wasix_snapshot_preview1_fd_readdir
__imported_wasix_snapshot_preview1_fd_renumber
__imported_wasix_snapshot_preview1_fd_seek
__imported_wasix_snapshot_preview1_fd_sync
__imported_wasix_snapshot_preview1_fd_tell
__imported_wasix_snapshot_preview1_fd_write
__imported_wasix_snapshot_preview1_getcwd
__imported_wasix_snapshot_preview1_getpid
__imported_wasix_snapshot_preview1_http_request
__imported_wasix_snapshot_preview1_http_status
__imported_wasix_snapshot_preview1_path_create_directory
__imported_wasix_snapshot_preview1_path_filestat_get
__imported_wasix_snapshot_preview1_path_filestat_set_times
__imported_wasix_snapshot_preview1_path_link
__imported_wasix_snapshot_preview1_path_open
__imported_wasix_snapshot_preview1_path_readlink
__imported_wasix_snapshot_preview1_path_remove_directory
__imported_wasix_snapshot_preview1_path_rename
__imported_wasix_snapshot_preview1_path_symlink
__imported_wasix_snapshot_preview1_path_unlink_file
__imported_wasix_snapshot_preview1_pipe
__imported_wasix_snapshot_preview1_poll_oneoff
__imported_wasix_snapshot_preview1_port_bridge
__imported_wasix_snapshot_preview1_port_dhcp_acquire
__imported_wasix_snapshot_preview1_port_gateway_set
__imported_wasix_snapshot_preview1_port_ip_add
__imported_wasix_snapshot_preview1_port_ip_clear
__imported_wasix_snapshot_preview1_port_ip_list
__imported_wasix_snapshot_preview1_port_ip_remove
__imported_wasix_snapshot_preview1_port_mac
__imported_wasix_snapshot_preview1_port_route_add
__imported_wasix_snapshot_preview1_port_route_clear
__imported_wasix_snapshot_preview1_port_route_list
__imported_wasix_snapshot_preview1_port_route_remove
__imported_wasix_snapshot_preview1_port_unbridge
__imported_wasix_snapshot_preview1_proc_exit
__imported_wasix_snapshot_preview1_proc_raise
__imported_wasix_snapshot_preview1_random_get
__imported_wasix_snapshot_preview1_resolve
__imported_wasix_snapshot_preview1_sched_yield
__imported_wasix_snapshot_preview1_sock_accept
__imported_wasix_snapshot_preview1_sock_addr_local
__imported_wasix_snapshot_preview1_sock_addr_peer
__imported_wasix_snapshot_preview1_sock_bind
__imported_wasix_snapshot_preview1_sock_connect
__imported_wasix_snapshot_preview1_sock_get_opt_flag
__imported_wasix_snapshot_preview1_sock_get_opt_size
__imported_wasix_snapshot_preview1_sock_get_opt_time
__imported_wasix_snapshot_preview1_sock_join_multicast_v4
__imported_wasix_snapshot_preview1_sock_join_multicast_v6
__imported_wasix_snapshot_preview1_sock_leave_multicast_v4
__imported_wasix_snapshot_preview1_sock_leave_multicast_v6
__imported_wasix_snapshot_preview1_sock_listen
__imported_wasix_snapshot_preview1_sock_open
__imported_wasix_snapshot_preview1_sock_recv
__imported_wasix_snapshot_preview1_sock_recv_from
__imported_wasix_snapshot_preview1_sock_send
__imported_wasix_snapshot_preview1_sock_send_to
__imported_wasix_snapshot_preview1_sock_set_opt_flag
__imported_wasix_snapshot_preview1_sock_set_opt_size
__imported_wasix_snapshot_preview1_sock_set_opt_time
__imported_wasix_snapshot_preview1_sock_shutdown
__imported_wasix_snapshot_preview1_sock_status
__imported_wasix_snapshot_preview1_thread_exit
__imported_wasix_snapshot_preview1_thread_id
__imported_wasix_snapshot_preview1_thread_join
__imported_wasix_snapshot_preview1_thread_parallelism
__imported_wasix_snapshot_preview1_thread_sleep
__imported_wasix_snapshot_preview1_thread_spawn
__imported_wasix_snapshot_preview1_tty_get
__imported_wasix_snapshot_preview1_tty_set
__imported_wasix_snapshot_preview1_ws_connect
__letf2
__lttf2
__netf2
__stack_pointer
__subtf3
__trunctfdf2
__trunctfsf2
__unordtf2
__wasm_call_ctors
main
